C51 COMPILER V7.10   LCD_DRIVER                                                            10/01/2010 19:13:53 PAGE 1   


C51 COMPILER V7.10, COMPILATION OF MODULE LCD_DRIVER
OBJECT MODULE PLACED IN LCD-Driver.OBJ
COMPILER INVOKED BY: C:\Keil\C51\BIN\C51.EXE LCD-Driver.c BROWSE DEBUG OBJECTEXTEND

line level    source

   1          
   2          /**********************************************************
   3          *                                                                                         *
   4          *                                  彩屏驱动程序                                                   *
   5          *                                                                                                                 *
   6          **********************************************************/
   7          
   8          #include <reg52.h>
   9          #include <intrins.h>
  10          #include "LCD.h"
  11          #include "picture.h"
  12          
  13          #define  NOP()   _nop_()   /* 定义空指令 */
  14          
  15          uint colors[]=
  16          {
  17            0xf800,0x07e0,0x001f,0xffe0,0x0000,0x07ff,0xf81f,0xffff
  18          };
  19          
  20          /**********************************************************
  21          
  22           延时子函数
  23          
  24          **********************************************************/
  25          void delay_ms(uint ms)
  26          {
  27   1        unsigned char k;
  28   1      
  29   1        while (ms--)
  30   1        {
  31   2          for (k = 0; k < 228; k++)
  32   2            ;
  33   2        }
  34   1      }
  35          
  36          /**********************************************************
  37          
  38           写命令与数据子函数
  39          
  40          **********************************************************/
  41          void LCD_Write(uchar type, uint value)  
  42          {
  43   1              LCD_CS = 0;
  44   1              LCD_RS  = type;                 // 0: command    1: data
  45   1        
  46   1              LCD_WR  = 0;
  47   1              DATA    = (uchar)value;
  48   1              LCD_WR  = 1;
  49   1              LCD_CS = 1;
  50   1      }
  51          
  52          /**********************************************************
  53          
  54           写8位数据子函数
  55          
C51 COMPILER V7.10   LCD_DRIVER                                                            10/01/2010 19:13:53 PAGE 2   

  56          **********************************************************/
  57          void LCD_Write_Data8(uchar value)    // color data
  58          {
  59   1              LCD_CS = 0;
  60   1              LCD_RS  = 1;
  61   1              LCD_WR  = 0;
  62   1              DATA    = value;
  63   1              LCD_WR  = 1;
  64   1              LCD_CS = 1;
  65   1      }
  66          
  67          
  68          
  69          /**********************************************************
  70          
  71           写16位数据子函数
  72          
  73          **********************************************************/
  74          void LCD_Wirte_Data16(uint value)    // color data
  75          {
  76   1              LCD_CS = 0;
  77   1          LCD_RS      = 1;
  78   1              LCD_WR  = 0;
  79   1              DATA    = (uchar)value;
  80   1              LCD_WR  = 1;
  81   1              LCD_WR  = 0;
  82   1              DATA    = (uchar)(value>>8)     ;
  83   1              LCD_WR  = 1;
  84   1              LCD_CS = 1;
  85   1      }
  86          
  87          
  88          /*********************************************************
  89          
  90           写寄存器子函数
  91          
  92          **********************************************************/
  93          void Reg_Write(uint reg,uint value) 
  94          {
  95   1         LCD_Write(TYPE_LCD_COMMAND,reg);
  96   1         LCD_Write(TYPE_LCD_DATA,value);
  97   1      }
  98          
  99          
 100          /**********************************************************
 101          
 102          设置显示窗口子函数
 103          
 104          **********************************************************/
 105          void LCD_SetRamAddr(uint xStart, uint xEnd, uint yStart, uint yEnd) 
 106          {
 107   1         uint VerPos,HorPos,StartAddr;
 108   1      
 109   1         HorPos    = (uint)(xStart | (xEnd<<8));
 110   1         VerPos    = (uint)(yStart | (yEnd<<8));
 111   1         StartAddr = (uint)(xStart | (yStart<<8));
 112   1       
 113   1         Reg_Write(0x09, xStart);
 114   1         Reg_Write(0x10,yStart);
 115   1         Reg_Write(0x11,xEnd);
 116   1         Reg_Write(0x12,yEnd);
 117   1       
C51 COMPILER V7.10   LCD_DRIVER                                                            10/01/2010 19:13:53 PAGE 3   

 118   1         Reg_Write(0x18, xStart); 
 119   1         Reg_Write(0x19, yStart); 
 120   1         
 121   1         LCD_Write(TYPE_LCD_COMMAND,0x22);            // 0x22
 122   1      }
 123          
 124          
 125          
 126          
 127          /**********************************************************
 128          *                                                                                                                 *
 129          *       液晶屏初始化                                                                      *
 130          *                                                                                                                 *
 131          ************************************************************/
 132          void LCD_init(void)
 133          {   uint num;
 134   1         
 135   1              Reg_Write(0x0001,0x0002);       //MODE_SEL1
 136   1              Reg_Write(0x0002,0x0012);   //MODE_SEL2
 137   1              Reg_Write(0x0003,0x0000);   //MODE_SEL3
 138   1              Reg_Write(0x0004,0x0010);       //MODE_SEL3
 139   1              LCD_SetRamAddr(0,127, 0,159); 
 140   1              for(num=20480;num>0;num--)
 141   1              LCD_Wirte_Data16(0xffff);
 142   1         
 143   1              Reg_Write(0x0005,0x0008);   //VCO_MODE  
 144   1              Reg_Write(0x0007,0x007f);       //VCOMHT_CTRL
 145   1              Reg_Write(0x0008,0x0017);   //VCOMLT_CTRL       
 146   1              Reg_Write(0x0009,0x0000);   //write SRAM window start X point
 147   1              Reg_Write(0x0010,0x0000);   //write SRAM window start y point
 148   1              Reg_Write(0x0011,0x0083);   //write SRAM window end x point
 149   1              Reg_Write(0x0012,0x009f);   //write SRAM window end y point
 150   1              Reg_Write(0x0017,0x0000);   //SRAM contrl
 151   1              Reg_Write(0x0018,0x0000);   //SRAM x position
 152   1              Reg_Write(0x0019,0x0000);   //SRAM y position
 153   1              Reg_Write(0x0006,0x00c5);   //DAC_OP_CTRL2
 154   1              delay_ms(10); //延时
 155   1      
 156   1      }
 157          
 158          /**********************************************************
 159          
 160           图片显示子函数
 161          
 162          **********************************************************/
 163          void  pic_play(uint Start_X, uint End_X,uint Start_Y,uint End_Y)
 164          {
 165   1         uint num,m;
 166   1         uint dx,dy;
 167   1      
 168   1         dx = (End_X+1)-Start_X;                  //计算写入数据的总数
 169   1         dy = (End_Y+1)-Start_Y;
 170   1         num = dx*dy<<1;
 171   1      
 172   1         LCD_CS = 0;
 173   1         LCD_SetRamAddr(Start_X,End_X-1,Start_Y,End_Y-1) ;
 174   1         LCD_RS       = 1; 
 175   1      
 176   1      
 177   1         for(m=0; m<7128; m++)        
 178   1         {            
 179   2            LCD_Write_Data8(Image_pic[m]); 
C51 COMPILER V7.10   LCD_DRIVER                                                            10/01/2010 19:13:53 PAGE 4   

 180   2      
 181   2         }
 182   1         LCD_CS = 1;
 183   1      
 184   1      }
 185          
 186          
 187          /**********************************************************
 188          
 189           清屏子函数
 190          
 191          **********************************************************/
 192          void  LCD_clear(uchar n)
 193          {
 194   1         uint num;
 195   1         
 196   1         LCD_SetRamAddr(0,127, 0,159);
 197   1      
 198   1         for(num=20480;num>0;num--)          //160*128=20480
 199   1         {
 200   2           LCD_Wirte_Data16(colors[n]);
 201   2         }
 202   1      }
 203          


MODULE INFORMATION:   STATIC OVERLAYABLE
   CODE SIZE        =    540    ----
   CONSTANT SIZE    =   7128    ----
   XDATA SIZE       =   ----    ----
   PDATA SIZE       =   ----    ----
   DATA SIZE        =     16      26
   IDATA SIZE       =   ----    ----
   BIT SIZE         =   ----    ----
END OF MODULE INFORMATION.


C51 COMPILATION COMPLETE.  0 WARNING(S),  0 ERROR(S)
