A51 MACRO ASSEMBLER  12864ZK                                                              08/02/2009 18:45:31 PAGE     1


MACRO ASSEMBLER A51 V7.09
OBJECT MODULE PLACED IN 12864ZK.OBJ
ASSEMBLER INVOKED BY: C:\Program Files\Keil\C51\BIN\A51.EXE 12864ZK.ASM SET(SMALL) DEBUG EP

LOC  OBJ            LINE     SOURCE

                       1     ;/********************************************************************************
                       2     ;*  标题:  xl系列单片机实验仪演示程序   12864带字库演示                         *
                       3     ;*  文件:   12864zk.asm                                                         *
                       4     ;*  日期:  2006-1-5                                                             *
                       5     ;*  版本:  3.0 （试验通过版）可用xl600-xl1000单片机综合试验仪试验               *
                       6     ;*  邮箱:  sxj1974@163.com                                                      *
                       7     ;*  网站： http://www.51c51.com    www.8951.com
                       8     ;********************************************************************************
                       9     ;*  描述:                                                                       *
                      10     ;*      12864标准字库液晶演示 数据p0,控制p2                                     *
                      11     ;*                                                                              *
                      12     ;*                                                                              *
                      13     ;********************************************************************************
                      14     ;* 【版权】 Copyright(C)深圳市学林电子有限公司 www.51c51.com                    *
                      15     ;* 【声明】 此程序仅用于学习与参考，引用请注明版权和作者信息！                  *
                      16     ;*  【技术支持】请访问http://www.51c51.com/bbs/index.asp  官方论坛              *
                      17     ;********************************************************************************/
                      18                     
                      19     
  00A6                20               RS EQU P2.6
  00A5                21               RW EQU P2.5
  00A7                22               E  EQU P2.7
  00B2                23               PSB EQU P3.2
  00B7                24               RST EQU P3.7
                      25     ;-----------------------------------------------
  0030                26               LCD_X  EQU 30H
  0031                27               LCD_Y  EQU 31H
  0032                28               COUNT  EQU 32H
  0033                29               COUNT1 EQU 33H
  0034                30               COUNT2 EQU 34H
  0035                31               COUNT3 EQU 35H
                      32     ;-----------------------------------------------
  0036                33            LCD_DATA  EQU 36H
  0037                34            LCD_DATA1 EQU 37H
  0038                35            LCD_DATA2 EQU 38H
  0039                36               STORE  EQU 39H
                      37     
                      38     ;-----------------------------------------------
0000                  39       ORG 0000H
0000 020100           40       LJMP MAIN
0100                  41       ORG 0100H
                      42     ;-----------------------------------------------
0100                  43     MAIN:
0100 75815F           44          MOV SP,#5FH
0103 C2B7             45                 CLR  RST             ;复位
0105 1202DB           46                 LCALL DELAY4
0108 D2B7             47                 SETB RST
010A 00               48          NOP
010B D2B2             49                 SETB PSB             ;通讯方式为8位数据并口
                      50     
                      51     ;********************初始化**********************
010D 7434             52     LGS0:     MOV A,#34H  ;34H--扩充指令操作
010F 12028C           53          LCALL SEND_I
0112 7430             54          MOV A,#30H  ;30H--基本指令操作
0114 12028C           55          LCALL SEND_I
0117 7401             56          MOV A,#01H  ;清除显示
0119 12028C           57          LCALL SEND_I
011C 7406             58                 MOV A,#06H  ;指定在资料写入或读取时，光标的移动方向
A51 MACRO ASSEMBLER  12864ZK                                                              08/02/2009 18:45:31 PAGE     2

011E 12028C           59          LCALL SEND_I        ;DDRAM 的地址计数器(AC)加1
0121 740C             60          MOV A,#0CH  ;开显示,关光标,不闪烁
0123 12028C           61          LCALL SEND_I
                      62     ;===============================================
0126                  63     TU_PLAY1:
0126 900331           64                 MOV  DPTR,#TU_TAB1      ;显示图形
0129 1201A7           65          LCALL PHO_DISP
012C 1202BC           66          LCALL DELAY3
                      67     
                      68     ;=================================================
                      69     ;;显示汉字和字符
                      70     ;加入80ms的延时，使你能够看清楚显示的过程
                      71     ;根据汉字显示坐标分段写入（顺序写入）
                      72     ;=================================================
012F                  73     HAN_WR2:
012F 12025F           74                 LCALL CLEAR_P
0132                  75     HAN_WR2A:
0132 9002F1           76                 MOV DPTR,#TAB1A ;显示汉字和字符
0135 753210           77          MOV COUNT,#10H      ;地址计数器设为16。
0138 7480             78          MOV A,#80H          ;第一行起始地址
013A 12028C           79          LCALL SEND_I
013D 12026F           80                 LCALL   QUSHU
0140                  81     HAN_WR2B:
0140 900311           82                 MOV DPTR,#TAB1B ;显示汉字和字符
0143 753210           83          MOV COUNT,#10H      ;地址计数器设为16。
0146 7490             84          MOV A,#90H          ;第二行起始地址
0148 12028C           85          LCALL SEND_I
014B 12026F           86                 LCALL QUSHU
014E                  87     HAN_WR2C:
014E 900301           88                 MOV DPTR,#TAB1C ;显示汉字和字符
0151 753210           89          MOV COUNT,#10H      ;地址计数器设为16。
0154 7488             90          MOV A,#88H          ;第三行起始地址
0156 12028C           91          LCALL SEND_I
0159 12026F           92                 LCALL QUSHU
015C                  93     HAN_WR2D:
015C 900321           94                 MOV DPTR,#TAB1D  ;显示汉字和字符
015F 753210           95          MOV COUNT,#10H       ;地址计数器设为16。
0162 7498             96          MOV A,#98H           ;第四行起始地址
0164 12028C           97          LCALL SEND_I
0167 12026F           98                 LCALL QUSHU
016A 1202BC           99                 LCALL DELAY3
016D 120236          100                 LCALL FLASH
0170 12025F          101                 LCALL CLEAR_P
0173 8009            102                 JMP  TU_PLAY2
                     103     ;----------------------------------------------
                     104     ;TU_PLAY1:
0175 900331          105                 MOV  DPTR,#TU_TAB1      ;显示图形
0178 1201A7          106          LCALL PHO_DISP
017B 1202BC          107          LCALL DELAY3
                     108                
                     109     ;----------------------------------------------
017E                 110     TU_PLAY2:
017E 900731          111          MOV DPTR,#TU_TAB2   ;显示图形
0181 1201A7          112          LCALL PHO_DISP
0184 1202BC          113          LCALL DELAY3
                     114              
                     115     ;----------------------------------------------
0187                 116     TU_PLAY3:
0187 900B31          117          MOV DPTR,#TU_TAB4   ;显示图形
018A 1201A7          118          LCALL PHO_DISP
018D 1202BC          119          LCALL DELAY3
                     120              
                     121     ;-----------------------------------------------
                     122     ;显示点阵
                     123     ;-----------------------------------------------
0190                 124     LATPLAY1:
A51 MACRO ASSEMBLER  12864ZK                                                              08/02/2009 18:45:31 PAGE     3

0190 7401            125                 MOV A,#01H         ;清屏
0192 12028C          126                 LCALL SEND_I
0195 7537CC          127          MOV LCD_DATA1,#0CCH  ;显示点阵
0198 7538CC          128          MOV LCD_DATA2,#0CCH
019B 1201E2          129          LCALL LAT_DISP
019E 1202BC          130          LCALL DELAY3
01A1 12025F          131                 LCALL CLEAR_P
                     132     
01A4                 133     KU_PLAY2:
                     134     
01A4 020126          135                 LJMP  TU_PLAY1
                     136           
                     137     ;===============================================
                     138     ;全屏显示图形子程序
                     139     ;===============================================
01A7                 140     PHO_DISP:
01A7 753502          141              MOV  COUNT3,#02H
01AA 753080          142          MOV  LCD_X,#80H
01AD                 143     PHO_DISP1:
01AD 753180          144              MOV  LCD_Y,#80H
01B0 753420          145          MOV  COUNT2,#20H
01B3                 146     PHO_DISP2:
01B3 753310          147              MOV  COUNT1,#10H
01B6 120221          148          LCALL WR_ZB
01B9                 149     PHO_DISP3:
01B9 E4              150                 CLR A
01BA 93              151          MOVC A,@A+DPTR
01BB 12027C          152          LCALL SEND_D
01BE A3              153          INC DPTR
01BF D533F7          154          DJNZ COUNT1,PHO_DISP3
01C2 0531            155          INC LCD_Y
01C4 D534EC          156          DJNZ COUNT2,PHO_DISP2
01C7 753088          157          MOV LCD_X,#88H
01CA D535E0          158          DJNZ COUNT3,PHO_DISP1
                     159     
01CD 7436            160          MOV A,#36H
01CF 12028C          161          LCALL SEND_I
01D2 7430            162          MOV A,#30H
01D4 12028C          163          LCALL SEND_I
01D7 22              164                 RET
                     165     ;----------------------------------------------
01D8                 166     CLRRAM:
01D8 753700          167               MOV LCD_DATA1,#00H  ;GDRAM写0子程序
01DB 753800          168          MOV LCD_DATA2,#00H
01DE 1201E2          169          LCALL LAT_DISP
01E1 22              170          RET
                     171     ;==============================================
                     172     ;显示点阵子程序
                     173     ;==============================================
01E2                 174     LAT_DISP:
01E2 753502          175              MOV COUNT3,#02H
01E5 753080          176          MOV LCD_X,#80H
01E8                 177     LAT_DISP1:
01E8 753180          178              MOV LCD_Y,#80H
01EB C2D5            179          CLR F0
01ED 753420          180          MOV COUNT2,#20H
01F0                 181     LAT_DISP2:
01F0 753310          182              MOV COUNT1,#10H
01F3 120221          183          LCALL WR_ZB
01F6                 184     LAT_DISP3:
01F6 20D505          185              JB F0,LAT_DISP32
01F9 853736          186          MOV LCD_DATA,LCD_DATA1
01FC 4101            187          AJMP LAT_DISP31
01FE                 188     LAT_DISP32:
01FE 853836          189              MOV LCD_DATA,LCD_DATA2
0201                 190     LAT_DISP31:
A51 MACRO ASSEMBLER  12864ZK                                                              08/02/2009 18:45:31 PAGE     4

0201 E536            191              MOV A,LCD_DATA
0203 12027C          192          LCALL SEND_D
0206 D533F8          193          DJNZ COUNT1,LAT_DISP31
0209 0531            194          INC LCD_Y
020B B2D5            195          CPL F0
020D D534E0          196          DJNZ COUNT2,LAT_DISP2
0210 753088          197          MOV LCD_X,#88H
0213 D535D2          198          DJNZ COUNT3,LAT_DISP1
                     199     
0216 7436            200          MOV A,#36H
0218 12028C          201          LCALL SEND_I
021B 7430            202          MOV A,#30H
021D 12028C          203          LCALL SEND_I
0220 22              204          RET
                     205     ;---------------------------------------------
0221                 206     WR_ZB:
0221 7434            207              MOV A,#34H
0223 12028C          208          LCALL SEND_I
0226 E531            209          MOV A,LCD_Y
0228 12028C          210          LCALL SEND_I
022B E530            211          MOV A,LCD_X
022D 12028C          212          LCALL SEND_I
0230 7430            213          MOV A,#30H
0232 12028C          214          LCALL SEND_I
0235 22              215          RET
                     216     
                     217     ;===============================================
0236                 218     FLASH:
0236 7408            219                 MOV  A,#08H       ;关闭显示
0238 12028C          220                 LCALL SEND_I
023B 1202E4          221                 LCALL  DELAY5
023E 740C            222                 MOV  A,#0CH   ;开显示,关光标,不闪烁
0240 12028C          223          LCALL SEND_I
0243 1202E4          224                 LCALL  DELAY5
0246 7408            225                 MOV  A,#08H       ;关闭显示
0248 12028C          226                 LCALL SEND_I
024B 1202E4          227                 LCALL  DELAY5
024E 740C            228                 MOV  A,#0CH   ;开显示,关光标,不闪烁
0250 12028C          229          LCALL SEND_I
0253 1202E4          230                 LCALL  DELAY5
0256 7408            231                 MOV  A,#08H       ;关闭显示
0258 12028C          232                 LCALL SEND_I
025B 1202E4          233                 LCALL  DELAY5
025E 22              234                     RET
                     235     ;==================================================
                     236     ;清屏
                     237     ;==================================================
025F                 238     CLEAR_P:
025F 7401            239                 MOV A,#01H           ;清屏
0261 12028C          240          LCALL SEND_I
0264 7434            241                 MOV A,#34H
0266 12028C          242          LCALL SEND_I
0269 7430            243          MOV A,#30H
026B 12028C          244          LCALL SEND_I
026E 22              245                 RET
                     246     ;==================================================
                     247     ;查表取数据送显示
                     248     ;==================================================
026F                 249     QUSHU:
026F E4              250                 CLR A
0270 93              251          MOVC A,@A+DPTR       ;查表取数据
0271 12027C          252          LCALL SEND_D          ;送显示
0274 A3              253          INC DPTR
0275 1202DB          254                 LCALL DELAY4           ;延时80ms,
0278 D532F4          255                 DJNZ COUNT,QUSHU
027B 22              256          RET
A51 MACRO ASSEMBLER  12864ZK                                                              08/02/2009 18:45:31 PAGE     5

                     257     
                     258     ;===============================================
                     259     ;写数据子程序
                     260     ;RS=1,RW=0,E=高脉冲,D0-D7=数据
                     261     ;===============================================
027C                 262     SEND_D:
027C 1202AD          263          LCALL CHK_BUSY    ;写数据子程序
027F D2A6            264          SETB RS
0281 C2A5            265          CLR RW
0283 F580            266          MOV P0,A
0285 D2A7            267          SETB E
0287 00              268          NOP
0288 00              269          NOP
0289 C2A7            270          CLR E
028B 22              271          RET
                     272     ;===============================================
                     273     ;写指令子程序
                     274     ;RS=0,RW=0,E=高脉冲,D0-D7=指令码
                     275     ;===============================================
028C                 276     SEND_I:
028C 1202AD          277          LCALL CHK_BUSY
028F C2A6            278          CLR RS
0291 C2A5            279          CLR RW
0293 F580            280          MOV P0,A
0295 D2A7            281          SETB E
0297 00              282          NOP
0298 00              283          NOP
0299 C2A7            284          CLR E
029B 22              285          RET
                     286     ;================================================
                     287     ;读数据子程序
                     288     ;RS=1,RW=1,E=H,D0-D7=数据
                     289     ;================================================
029C                 290     READ_D:
029C 1202AD          291         LCALL CHK_BUSY    ;读数据子程序
029F D2A6            292         SETB RS
02A1 D2A5            293         SETB RW
02A3 D2A7            294         SETB E
02A5 00              295         NOP
02A6 E580            296         MOV A,P0
02A8 C2A7            297         CLR E
02AA F539            298         MOV STORE,A
02AC 22              299         RET
                     300     ;================================================
                     301     ;;测忙碌子程序
                     302     ;RS=0,RW=1,E=H,D0-D7=状态字
                     303     ;================================================
02AD                 304     CHK_BUSY:
02AD 7580FF          305             MOV P0,#0FFH    ;测忙碌子程序
02B0 C2A6            306         CLR RS
02B2 D2A5            307         SETB RW
02B4 D2A7            308         SETB E
02B6 2087FD          309         JB P0.7,$
02B9 C2A7            310         CLR E
02BB 22              311         RET
                     312     ;================================================
                     313     ;延时子程序
                     314     
02BC                 315     DELAY3:
02BC 7D16            316         MOV R5,#16H
02BE 7E64            317     DEL31:    MOV R6,#100
02C0 7FFF            318     DEL32:    MOV R7,#0FFH
02C2 DFFE            319     DEL33:    DJNZ R7,DEL33
02C4 DEFA            320         DJNZ R6,DEL32
02C6 DDF6            321         DJNZ R5,DEL31
02C8 22              322         RET
A51 MACRO ASSEMBLER  12864ZK                                                              08/02/2009 18:45:31 PAGE     6

                     323     
02C9                 324     DELAY2:
02C9 7E0C            325                MOV R6,#0CH
02CB 7F18            326     DEL21:    MOV R7,#18H
02CD DFFE            327     DEL22:    DJNZ R7,DEL22
02CF DEFA            328         DJNZ R6,DEL21
02D1 22              329         RET
                     330     
02D2                 331     DELAY1:
02D2 7E06            332                MOV R6,#06H
02D4 7F08            333     DEL11:    MOV R7,#08H
02D6 DFFE            334     DEL12:    DJNZ R7,DEL12
02D8 DEFA            335         DJNZ R6,DEL11
02DA 22              336                RET
                     337     
02DB                 338     DELAY4:
02DB 7E64            339                MOV R6,#100
02DD 7FC8            340     DEL41:    MOV R7,#200
02DF DFFE            341     DEL42:    DJNZ R7,DEL42
02E1 DEFA            342         DJNZ R6,DEL41
02E3 22              343         RET
                     344     
02E4                 345     DELAY5:
02E4 7D05            346                MOV R5,#05H
02E6 7E64            347     DEL51:    MOV R6,#100
02E8 7FFF            348     DEL52:    MOV R7,#0FFH
02EA DFFE            349     DEL53:    DJNZ R7,DEL53
02EC DEFA            350         DJNZ R6,DEL52
02EE DDF6            351         DJNZ R5,DEL51
02F0 22              352         RET
                     353     ;***********************************************
02F1                 354     TAB1:
02F1 20202020        355     TAB1A:     DB  '    普中科技    '    ;显示在第一行
02F5 C6D5D6D0                
02F9 BFC6BCBC                
02FD 20202020                
0301 D7D4D1A7        356     TAB1C:     DB  '自学单片机第一站'    ;显示在第三行
0305 B5A5C6AC                
0309 BBFAB5DA                
030D D2BBD5BE                
0311 7777772E        357     TAB1B:     DB  'www.prechin.com '    ;显示在第二行
0315 70726563                
0319 68696E2E                
031D 636F6D20                
0321 54454C3A        358     TAB1D:     DB  'TEL:755-29325187'    ;显示在第四行
0325 3735352D                
0329 32393332                
032D 35313837                
                     359     
                     360     
                     361     ;*-------------------------------------------------------------------- *
                     362     ;* Bitmap点阵数据表                                                    *
                     363     ;* 图片: E:\图形8.bmp,横向取模左高位,数据排列:从左到右从上到下         *
                     364     ;* 图片尺寸: 128 * 64                                                  *
                     365     ;*-------------------------------------------------------------------- *
0331                 366     TU_TAB1:                                   ; 数据表
                     367     ;--  宽度x高度=128x64  --
0331 00000000        368     DB  00H,00H,00H,00H,00H,00H,00H,00H,00H,00H,00H,00H,00H,00H,00H,00H
0335 00000000                
0339 00000000                
033D 00000000                
0341 00000000        369     DB  00H,00H,00H,00H,00H,00H,00H,00H,00H,00H,00H,00H,00H,00H,00H,00H
0345 00000000                
0349 00000000                
034D 00000000                
0351 00000000        370     DB  00H,00H,00H,00H,00H,00H,00H,00H,00H,00H,00H,00H,00H,00H,3FH,00H
A51 MACRO ASSEMBLER  12864ZK                                                              08/02/2009 18:45:31 PAGE     7

0355 00000000                
0359 00000000                
035D 00003F00                
0361 00000000        371     DB  00H,00H,00H,00H,00H,00H,00H,00H,00H,00H,00H,00H,00H,00H,40H,80H
0365 00000000                
0369 00000000                
036D 00004080                
0371 00000000        372     DB  00H,00H,00H,00H,00H,00H,00H,00H,00H,00H,00H,00H,00H,01H,0FEH,60H
0375 00000000                
0379 00000000                
037D 0001FE60                
0381 00000000        373     DB  00H,00H,00H,00H,00H,00H,00H,00H,00H,00H,00H,00H,00H,01H,63H,20H
0385 00000000                
0389 00000000                
038D 00016320                
0391 00000000        374     DB  00H,00H,00H,00H,00H,00H,00H,00H,00H,00H,00H,00H,00H,02H,63H,10H
0395 00000000                
0399 00000000                
039D 00026310                
03A1 00000000        375     DB  00H,00H,00H,00H,00H,00H,00H,00H,00H,00H,00H,00H,00H,04H,63H,08H
03A5 00000000                
03A9 00000000                
03AD 00046308                
03B1 00000000        376     DB  00H,00H,00H,00H,00H,00H,00H,00H,00H,00H,00H,00H,00H,04H,7EH,08H
03B5 00000000                
03B9 00000000                
03BD 00047E08                
03C1 00000000        377     DB  00H,00H,00H,00H,00H,00H,00H,00H,00H,00H,00H,00H,00H,04H,6CH,08H
03C5 00000000                
03C9 00000000                
03CD 00046C08                
03D1 1FF83FF8        378     DB  1FH,0F8H,3FH,0F8H,7FH,0F0H,0FH,0F9H,0F1H,0F0H,0FFH,87H,0C3H,0C4H,6CH,08H
03D5 7FF00FF9                
03D9 F1F0FF87                
03DD C3C46C08                
03E1 0E7C1EFC        379     DB  0EH,7CH,1EH,0FCH,38H,0F8H,3EH,0F8H,0E0H,0E0H,1CH,03H,0C1H,84H,66H,08H
03E5 38F83EF8                
03E9 E0E01C03                
03ED C1846608                
03F1 0E1E1C3C        380     DB  0EH,1EH,1CH,3CH,38H,38H,38H,38H,0E0H,0E0H,1CH,03H,0E1H,84H,66H,08H
03F5 38383838                
03F9 E0E01C03                
03FD E1846608                
0401 0E1E1C1C        381     DB  0EH,1EH,1CH,1CH,38H,18H,78H,38H,0E0H,0E0H,1CH,03H,0E1H,82H,63H,10H
0405 38187838                
0409 E0E01C03                
040D E1826310                
0411 0E0E1C1C        382     DB  0EH,0EH,1CH,1CH,38H,00H,0F0H,18H,0E0H,0E0H,1CH,03H,0F1H,81H,0F3H,0A0H
0415 3800F018                
0419 E0E01C03                
041D F181F3A0                
0421 0E0E1C3C        383     DB  0EH,0EH,1CH,3CH,38H,0C0H,0F0H,00H,0E0H,0E0H,1CH,03H,0F1H,81H,80H,60H
0425 38C0F000                
0429 E0E01C03                
042D F1818060                
0431 0E1E1C3C        384     DB  0EH,1EH,1CH,3CH,38H,0C0H,0F0H,00H,0E0H,0E0H,1CH,03H,79H,80H,40H,80H
0435 38C0F000                
0439 E0E01C03                
043D 79804080                
0441 0E1E1CF8        385     DB  0EH,1EH,1CH,0F8H,39H,0C0H,0E0H,00H,0E0H,0E0H,1CH,03H,79H,80H,3FH,00H
0445 39C0E000                
0449 E0E01C03                
044D 79803F00                
0451 0E7C1FF0        386     DB  0EH,7CH,1FH,0F0H,3FH,0C0H,0E0H,00H,0FFH,0E0H,1CH,03H,3DH,80H,00H,00H
0455 3FC0E000                
0459 FFE01C03                
A51 MACRO ASSEMBLER  12864ZK                                                              08/02/2009 18:45:31 PAGE     8

045D 3D800000                
0461 0FF81DE0        387     DB  0FH,0F8H,1DH,0E0H,39H,0C0H,0E0H,00H,0E0H,0E0H,1CH,03H,3DH,80H,00H,00H
0465 39C0E000                
0469 E0E01C03                
046D 3D800000                
0471 0E001DE0        388     DB  0EH,00H,1DH,0E0H,38H,0C0H,0E0H,00H,0E0H,0E0H,1CH,03H,1FH,80H,00H,00H
0475 38C0E000                
0479 E0E01C03                
047D 1F800000                
0481 0E001CF0        389     DB  0EH,00H,1CH,0F0H,38H,0C0H,0F0H,00H,0E0H,0E0H,1CH,03H,1FH,80H,00H,00H
0485 38C0F000                
0489 E0E01C03                
048D 1F800000                
0491 0E001CF0        390     DB  0EH,00H,1CH,0F0H,38H,00H,0F0H,00H,0E0H,0E0H,1CH,03H,0FH,80H,00H,00H
0495 3800F000                
0499 E0E01C03                
049D 0F800000                
04A1 0E001C78        391     DB  0EH,00H,1CH,78H,38H,00H,0F0H,18H,0E0H,0E0H,1CH,03H,0FH,80H,00H,00H
04A5 3800F018                
04A9 E0E01C03                
04AD 0F800000                
04B1 0E001C78        392     DB  0EH,00H,1CH,78H,38H,18H,70H,38H,0E0H,0E0H,1CH,03H,07H,80H,00H,00H
04B5 38187038                
04B9 E0E01C03                
04BD 07800000                
04C1 0E001C78        393     DB  0EH,00H,1CH,78H,38H,38H,78H,30H,0E0H,0E0H,1CH,03H,07H,80H,00H,00H
04C5 38387830                
04C9 E0E01C03                
04CD 07800000                
04D1 0E001C3C        394     DB  0EH,00H,1CH,3CH,38H,0F8H,3EH,0F0H,0E0H,0E0H,1CH,03H,03H,80H,00H,00H
04D5 38F83EF0                
04D9 E0E01C03                
04DD 03800000                
04E1 1F003E3E        395     DB  1FH,00H,3EH,3EH,7FH,0F0H,1FH,0E1H,0F1H,0F0H,0FFH,87H,83H,80H,00H,00H
04E5 7FF01FE1                
04E9 F1F0FF87                
04ED 83800000                
04F1 00000000        396     DB  00H,00H,00H,00H,00H,00H,00H,00H,00H,00H,00H,00H,00H,00H,00H,00H
04F5 00000000                
04F9 00000000                
04FD 00000000                
0501 00000000        397     DB  00H,00H,00H,00H,00H,00H,00H,00H,00H,00H,00H,00H,00H,00H,00H,00H
0505 00000000                
0509 00000000                
050D 00000000                
0511 00000000        398     DB  00H,00H,00H,00H,00H,00H,00H,00H,00H,00H,00H,00H,00H,00H,00H,00H
0515 00000000                
0519 00000000                
051D 00000000                
0521 00000000        399     DB  00H,00H,00H,00H,00H,00H,00H,00H,00H,00H,00H,00H,00H,00H,00H,00H
0525 00000000                
0529 00000000                
052D 00000000                
0531 00000000        400     DB  00H,00H,00H,00H,00H,00H,00H,00H,00H,00H,00H,00H,00H,00H,00H,00H
0535 00000000                
0539 00000000                
053D 00000000                
0541 00000000        401     DB  00H,00H,00H,00H,00H,00H,00H,00H,00H,00H,00H,00H,00H,00H,00H,00H
0545 00000000                
0549 00000000                
054D 00000000                
0551 00000000        402     DB  00H,00H,00H,00H,00H,00H,00H,00H,00H,00H,00H,00H,00H,00H,00H,00H
0555 00000000                
0559 00000000                
055D 00000000                
0561 0000F038        403     DB  00H,00H,0F0H,38H,00H,00H,78H,00H,00H,18H,07H,80H,1CH,03H,80H,00H
A51 MACRO ASSEMBLER  12864ZK                                                              08/02/2009 18:45:31 PAGE     9

0565 00007800                
0569 00180780                
056D 1C038000                
0571 00007C7C        404     DB  00H,00H,7CH,7CH,00H,00H,78H,00H,00H,7CH,07H,80H,1CH,03H,0C0H,00H
0575 00007800                
0579 007C0780                
057D 1C03C000                
0581 00003C70        405     DB  00H,00H,3CH,70H,00H,00H,70H,00H,07H,0FCH,07H,00H,1CH,03H,80H,00H
0585 00007000                
0589 07FC0700                
058D 1C038000                
0591 00001CE3        406     DB  00H,00H,1CH,0E3H,0C0H,00H,70H,00H,1FH,0E1H,0C7H,00H,1CH,03H,80H,00H
0595 C0007000                
0599 1FE1C700                
059D 1C038000                
05A1 000FFFFF        407     DB  00H,0FH,0FFH,0FFH,0E0H,00H,70H,00H,00H,0E1H,0E7H,00H,1CH,03H,80H,00H
05A5 E0007000                
05A9 00E1E700                
05AD 1C038000                
05B1 00061CE6        408     DB  00H,06H,1CH,0E6H,00H,0FFH,0FFH,0FCH,00H,0E0H,0F7H,00H,1DH,83H,9EH,00H
05B5 00FFFFFC                
05B9 00E0F700                
05BD 1D839E00                
05C1 00071CE7        409     DB  00H,07H,1CH,0E7H,80H,0FFH,0FFH,0FCH,00H,0E0H,0F7H,03H,0FFH,0FFH,0FEH,00H
05C5 80FFFFFC                
05C9 00E0F703                
05CD FFFFFE00                
05D1 00039CEF        410     DB  00H,03H,9CH,0EFH,80H,0E0H,70H,38H,00H,0EEH,67H,00H,1CH,03H,80H,00H
05D5 80E07038                
05D9 00EE6700                
05DD 1C038000                
05E1 0003DCEE        411     DB  00H,03H,0DCH,0EEH,00H,0E0H,70H,38H,3FH,0FEH,07H,00H,1CH,03H,80H,00H
05E5 00E07038                
05E9 3FFE0700                
05ED 1C038000                
05F1 0001FCFC        412     DB  00H,01H,0FCH,0FCH,00H,0E0H,70H,38H,01H,0E0H,07H,00H,1CH,03H,80H,00H
05F5 00E07038                
05F9 01E00700                
05FD 1C038000                
0601 0001DCF8        413     DB  00H,01H,0DCH,0F8H,0E0H,0E0H,70H,38H,01H,0E1H,0C7H,00H,1DH,0C3H,0B8H,00H
0605 E0E07038                
0609 01E1C700                
060D 1DC3B800                
0611 003FFFFF        414     DB  00H,3FH,0FFH,0FFH,0F0H,0E0H,70H,38H,03H,0F1H,0E7H,00H,1FH,0FFH,0FCH,00H
0615 F0E07038                
0619 03F1E700                
061D 1FFFFC00                
0621 003FFFFF        415     DB  00H,3FH,0FFH,0FFH,0F0H,0E0H,70H,38H,03H,0FCH,0E7H,00H,7EH,38H,38H,00H
0625 F0E07038                
0629 03FCE700                
062D 7E383800                
0631 0000800C        416     DB  00H,00H,80H,0CH,00H,0FFH,0FFH,0F8H,07H,0FEH,0E7H,0E3H,0FCH,18H,78H,00H
0635 00FFFFF8                
0639 07FEE7E3                
063D FC187800                
0641 0000FFFE        417     DB  00H,00H,0FFH,0FEH,00H,0E0H,70H,38H,07H,0FEH,07H,0F3H,0FCH,1CH,70H,00H
0645 00E07038                
0649 07FE07F3                
064D FC1C7000                
0651 0000FFFE        418     DB  00H,00H,0FFH,0FEH,00H,0E0H,70H,38H,0FH,0ECH,3FH,0C1H,9CH,1CH,0F0H,00H
0655 00E07038                
0659 0FEC3FC1                
065D 9C1CF000                
0661 0000E01E        419     DB  00H,00H,0E0H,1EH,00H,00H,70H,00H,0EH,0E7H,0FFH,00H,1CH,0EH,0E0H,00H
0665 00007000                
0669 0EE7FF00                
A51 MACRO ASSEMBLER  12864ZK                                                              08/02/2009 18:45:31 PAGE    10

066D 1C0EE000                
0671 0000E01E        420     DB  00H,00H,0E0H,1EH,00H,00H,70H,00H,1CH,0EFH,07H,00H,1CH,0FH,0E0H,00H
0675 00007000                
0679 1CEF0700                
067D 1C0FE000                
0681 0000FFFE        421     DB  00H,00H,0FFH,0FEH,00H,00H,70H,00H,38H,0E0H,07H,00H,1CH,07H,0C0H,00H
0685 00007000                
0689 38E00700                
068D 1C07C000                
0691 0000E01E        422     DB  00H,00H,0E0H,1EH,00H,00H,70H,00H,30H,0E0H,07H,00H,1CH,07H,80H,00H
0695 00007000                
0699 30E00700                
069D 1C078000                
06A1 0000E01E        423     DB  00H,00H,0E0H,1EH,00H,00H,70H,00H,00H,0E0H,07H,00H,1CH,0FH,0E0H,00H
06A5 00007000                
06A9 00E00700                
06AD 1C0FE000                
06B1 0000E01E        424     DB  00H,00H,0E0H,1EH,00H,00H,70H,00H,00H,0E0H,07H,01H,0DCH,3FH,0F8H,00H
06B5 00007000                
06B9 00E00701                
06BD DC3FF800                
06C1 0000FFFE        425     DB  00H,00H,0FFH,0FEH,00H,00H,70H,00H,00H,0E0H,07H,01H,0FCH,78H,0FFH,00H
06C5 00007000                
06C9 00E00701                
06CD FC78FF00                
06D1 0000E01E        426     DB  00H,00H,0E0H,1EH,00H,00H,70H,00H,00H,0E0H,07H,00H,7FH,0E0H,3FH,00H
06D5 00007000                
06D9 00E00700                
06DD 7FE03F00                
06E1 0000C01C        427     DB  00H,00H,0C0H,1CH,00H,00H,70H,00H,00H,0C0H,07H,00H,37H,80H,0CH,00H
06E5 00007000                
06E9 00C00700                
06ED 37800C00                
06F1 00000000        428     DB  00H,00H,00H,00H,00H,00H,00H,00H,00H,00H,00H,00H,00H,00H,00H,00H
06F5 00000000                
06F9 00000000                
06FD 00000000                
0701 0FFFFFFF        429     DB  0FH,0FFH,0FFH,0FFH,0FFH,0FFH,0FFH,0FFH,0FFH,0FFH,0FFH,0FFH,0FFH,0FFH,0FFH,0FCH
0705 FFFFFFFF                
0709 FFFFFFFF                
070D FFFFFFFC                
0711 0FFFFFFF        430     DB  0FH,0FFH,0FFH,0FFH,0FFH,0FFH,0FFH,0FFH,0FFH,0FFH,0FFH,0FFH,0FFH,0FFH,0FFH,0FCH
0715 FFFFFFFF                
0719 FFFFFFFF                
071D FFFFFFFC                
0721 00000000        431     DB  00H,00H,00H,00H,00H,00H,00H,00H,00H,00H,00H,00H,00H,00H,00H,00H
0725 00000000                
0729 00000000                
072D 00000000                
                     432     
                     433     
                     434     
                     435     
                     436     ;*-------------------------------------------------------------------- *
                     437     ;* Bitmap点阵数据表                                                    *
                     438     ;* 图片: E:\图形12.bmp,横向取模左高位,数据排列:从左到右从上到下        *
                     439     ;* 图片尺寸: 128 * 64                                                  *
                     440     ;*-------------------------------------------------------------------- *
0731                 441     TU_TAB2:                                   ; 数据表
                     442     
0731 40000000        443             db   40h, 00h, 00h, 00h, 00h, 00h, 00h, 00h, 00h, 00h, 03h, 65h,0E8h, 80h, 00h, 01h
0735 00000000                
0739 00000365                
073D E8800001                
0741 9AD6B442        444             db       9Ah,0D6h,0B4h, 42h, 00h, 00h, 00h, 00h, 00h, 00h, 34h,0DAh,0D0h, 00h, 00h,
                              01h
A51 MACRO ASSEMBLER  12864ZK                                                              08/02/2009 18:45:31 PAGE    11

0745 00000000                
0749 000034DA                
074D D0000001                
0751 A4000210        445             db      0A4h, 00h, 02h, 10h, 6Bh, 30h, 00h, 00h, 00h, 00h, 8Bh,0FFh, 30h, 00h, 00h,
                              01h
0755 6B300000                
0759 00008BFF                
075D 30000001                
0761 42D6B042        446             db       42h,0D6h,0B0h, 42h, 80h, 00h, 00h, 00h, 00h, 16h, 77h,0FEh,0C0h, 00h, 00h,
                              01h
0765 80000000                
0769 001677FE                
076D C0000001                
0771 42D6B042        447             db       42h,0D6h,0B0h, 42h, 80h, 00h, 00h, 00h, 00h, 16h, 77h,0FEh,0C0h, 00h, 00h,
                              01h
0775 80000000                
0779 001677FE                
077D C0000001                
0781 B9200400        448             db      0B9h, 20h, 04h, 00h, 00h, 02h, 10h, 00h, 00h, 00h,0BCh,0BCh, 00h, 00h, 00h,
                              01h
0785 00021000                
0789 0000BCBC                
078D 00000001                
0791 46D6B1AC        449             db       46h,0D6h,0B1h,0ACh, 6Bh, 30h, 00h, 00h, 02h, 29h,0CBh, 40h, 00h, 00h, 00h,
                              01h
0795 6B300000                
0799 0229CB40                
079D 00000001                
07A1 FFF90401        450             db      0FFh,0F9h, 04h, 01h, 00h, 00h, 00h, 00h, 01h, 16h,0B4h,0A0h, 00h, 00h, 00h,
                              01h
07A5 00000000                
07A9 0116B4A0                
07AD 00000001                
07B1 FFFFF250        451             db      0FFh,0FFh,0F2h, 50h, 00h, 40h, 00h, 00h, 00h, 29h, 4Bh, 00h, 00h, 00h, 00h,
                              01h
07B5 00400000                
07B9 00294B00                
07BD 00000001                
07C1 FFFFF250        452             db      0FFh,0FFh,0F2h, 50h, 00h, 40h, 00h, 00h, 00h, 29h, 4Bh, 00h, 00h, 00h, 00h,
                              01h
07C5 00400000                
07C9 00294B00                
07CD 00000001                
07D1 FFFFBD82        453             db      0FFh,0FFh,0BDh, 82h, 94h, 00h, 40h, 00h, 00h,0C9h, 30h, 02h, 00h, 00h, 00h,
                              01h
07D5 94004000                
07D9 00C93002                
07DD 00000001                
07E1 FFFFFBB0        454             db      0FFh,0FFh,0FBh,0B0h, 00h, 08h, 00h, 00h, 05h, 16h, 44h, 40h, 00h, 00h, 00h,
                              01h
07E5 00080000                
07E9 05164440                
07ED 00000001                
07F1 FFFFFFEF        455             db      0FFh,0FFh,0FFh,0EFh, 90h, 40h, 00h, 00h, 00h, 21h, 00h, 04h,0C8h, 30h, 00h,
                              01h
07F5 90400000                
07F9 00210004                
07FD C8300001                
0801 A5FFFFFD        456             db      0A5h,0FFh,0FFh,0FDh, 6Bh, 00h, 00h, 00h, 00h,0C8h, 00h, 99h, 16h,0FAh, 40h,
                              01h
0805 6B000000                
0809 00C80099                
080D 16FA4001                
0811 A5FFFFFD        457             db      0A5h,0FFh,0FFh,0FDh, 6Bh, 00h, 00h, 00h, 00h,0C8h, 00h, 99h, 16h,0FAh, 40h,
                              01h
0815 6B000000                
A51 MACRO ASSEMBLER  12864ZK                                                              08/02/2009 18:45:31 PAGE    12

0819 00C80099                
081D 16FA4001                
0821 822FFFFF        458             db       82h, 2Fh,0FFh,0FFh,0E8h, 84h, 00h, 00h, 00h, 00h, 08h, 00h,0DFh,0FFh,0ECh,
                              01h
0825 E8840000                
0829 00000800                
082D DFFFEC01                
0831 24C17FFF        459             db       24h,0C1h, 7Fh,0FFh,0F4h, 30h, 00h, 00h, 00h, 00h, 00h,0A7h,0FFh,0FFh,0FCh,
                              01h
0835 F4300000                
0839 000000A7                
083D FFFFFC01                
0841 422805BF        460             db       42h, 28h, 05h,0BFh,0FBh, 80h, 00h, 00h, 00h, 00h, 04h, 1Bh,0FFh,0FFh,0FFh,
                              81h
0845 FB800000                
0849 0000041B                
084D FFFFFF81                
0851 98C14A53        461             db       98h,0C1h, 4Ah, 53h,0ECh, 48h, 00h, 00h, 00h, 00h, 40h, 7Fh,0FFh,0FFh,0FFh,
                             0E1h
0855 EC480000                
0859 0000407F                
085D FFFFFFE1                
0861 98C14A53        462             db       98h,0C1h, 4Ah, 53h,0ECh, 48h, 00h, 00h, 00h, 00h, 40h, 7Fh,0FFh,0FFh,0FFh,
                             0E1h
0865 EC480000                
0869 0000407F                
086D FFFFFFE1                
0871 4228000C        463             db       42h, 28h, 00h, 0Ch, 77h, 82h, 00h, 00h, 00h, 00h, 33h,0BFh,0FFh,0FFh,0FFh,
                              89h
0875 77820000                
0879 000033BF                
087D FFFFFF89                
0881 18C14A51        464             db       18h,0C1h, 4Ah, 51h, 9Bh, 74h, 00h, 00h, 00h, 00h, 04h,0FFh, 3Fh,0FFh,0DFh,
                             0F1h
0885 9B740000                
0889 000004FF                
088D 3FFFDFF1                
0891 C228000C        465             db      0C2h, 28h, 00h, 0Ch, 04h, 80h, 00h, 00h, 00h, 00h, 40h,0FEh, 1Fh,0F9h,0C3h,
                             0F9h
0895 04800000                
0899 000040FE                
089D 1FF9C3F9                
08A1 1AD6B5A1        466             db       1Ah,0D6h,0B5h,0A1h, 6Bh, 75h, 80h, 00h, 00h, 00h, 8Fh,0FCh, 3Fh,0F2h, 0Fh,
                              1Fh
08A5 6B758000                
08A9 00008FFC                
08AD 3FF20F1F                
08B1 1AD6B5A1        467             db       1Ah,0D6h,0B5h,0A1h, 6Bh, 75h, 80h, 00h, 00h, 00h, 8Fh,0FCh, 3Fh,0F2h, 0Fh,
                              1Fh
08B5 6B758000                
08B9 00008FFC                
08BD 3FF20F1F                
08C1 C529798C        468             db      0C5h, 29h, 79h, 8Ch, 00h, 88h, 00h, 00h, 00h, 00h, 03h,0F8h, 1Fh,0C8h, 52h,
                              81h
08C5 00880000                
08C9 000003F8                
08CD 1FC85281                
08D1 22FFFFF2        469             db       22h,0FFh,0FFh,0F2h, 6Bh, 35h, 80h, 00h, 00h, 00h, 37h,0C2h, 3Fh,0FBh,0FCh,
                              09h
08D5 6B358000                
08D9 000037C2                
08DD 3FFBFC09                
08E1 9AFFFFFF        470             db       9Ah,0FFh,0FFh,0FFh, 00h, 48h, 00h, 00h, 00h, 00h, 07h,0D8h, 1Fh,0FFh,0E3h,
                              81h
08E5 00480000                
08E9 000007D8                
A51 MACRO ASSEMBLER  12864ZK                                                              08/02/2009 18:45:31 PAGE    13

08ED 1FFFE381                
08F1 9AFFFFFF        471             db       9Ah,0FFh,0FFh,0FFh, 00h, 48h, 00h, 00h, 00h, 00h, 07h,0D8h, 1Fh,0FFh,0E3h,
                              81h
08F5 00480000                
08F9 000007D8                
08FD 1FFFE381                
0901 47FFFFFF        472             db       47h,0FFh,0FFh,0FFh,0F3h, 35h, 80h, 00h, 00h, 00h, 8Fh,0C1h, 0Fh,0FFh,0ACh,
                              01h
0905 F3358000                
0909 00008FC1                
090D 0FFFAC01                
0911 B9FFFFFF        473             db      0B9h,0FFh,0FFh,0FFh,0FCh, 4Ah, 20h, 00h, 00h, 00h, 0Fh,0A4h, 07h,0FEh, 40h,
                              01h
0915 FC4A2000                
0919 00000FA4                
091D 07FE4001                
0921 5FFFC7FF        474             db       5Fh,0FFh,0C7h,0FFh,0FCh,0B5h, 80h, 00h, 00h, 00h, 4Fh,0DAh,0FFh,0F8h, 00h,
                              01h
0925 FCB58000                
0929 00004FDA                
092D FFF80001                
0931 A7FFB7FF        475             db      0A7h,0FFh,0B7h,0FFh,0FFh, 8Ah, 20h, 00h, 00h, 00h, 0Fh,0FFh,0EFh, 40h, 00h,
                              01h
0935 FF8A2000                
0939 00000FFF                
093D EF400001                
0941 A7FFB7FF        476             db      0A7h,0FFh,0B7h,0FFh,0FFh, 8Ah, 20h, 00h, 00h, 00h, 0Fh,0FFh,0EFh, 40h, 00h,
                              01h
0945 FF8A2000                
0949 00000FFF                
094D EF400001                
0951 7FFF47FD        477             db       7Fh,0FFh, 47h,0FDh, 7Fh,0C5h, 80h, 00h, 00h, 00h, 3Fh,0DAh,0D0h, 00h, 00h,
                              01h
0955 7FC58000                
0959 00003FDA                
095D D0000001                
0961 A7FE37FF        478             db      0A7h,0FEh, 37h,0FFh, 7Ch,0FAh, 50h, 00h, 00h, 00h, 0Ch,0A4h, 08h, 00h, 00h,
                              01h
0965 7CFA5000                
0969 00000CA4                
096D 08000001                
0971 DFFE43FF        479             db      0DFh,0FEh, 43h,0FFh,0F8h,0C1h, 80h, 00h, 00h, 00h, 48h, 01h, 00h, 00h, 00h,
                              01h
0975 F8C18000                
0979 00004801                
097D 00000001                
0981 27FF4BFF        480             db       27h,0FFh, 4Bh,0FFh,0FFh,0FAh, 2Ch, 00h, 00h, 00h, 03h, 58h, 20h, 00h, 00h,
                              01h
0985 FFFA2C00                
0989 00000358                
098D 20000001                
0991 27FF4BFF        481             db       27h,0FFh, 4Bh,0FFh,0FFh,0FAh, 2Ch, 00h, 00h, 00h, 03h, 58h, 20h, 00h, 00h,
                              01h
0995 FFFA2C00                
0999 00000358                
099D 20000001                
09A1 9BFFC3FF        482             db       9Bh,0FFh,0C3h,0FFh,0FFh,0F1h,0C0h, 00h, 00h, 00h, 08h, 00h, 00h, 00h, 00h,
                              01h
09A5 FFF1C000                
09A9 00000800                
09AD 00000001                
09B1 643FFDFF        483             db       64h, 3Fh,0FDh,0FFh, 6Bh, 7Ch, 10h, 00h, 00h, 00h, 00h, 00h, 00h, 00h, 00h,
                              01h
09B5 6B7C1000                
09B9 00000000                
09BD 00000001                
A51 MACRO ASSEMBLER  12864ZK                                                              08/02/2009 18:45:31 PAGE    14

09C1 03D7FFFD        484             db       03h,0D7h,0FFh,0FDh, 10h, 01h,0A0h, 00h, 00h, 00h, 00h, 00h, 00h, 00h, 00h,
                              01h
09C5 1001A000                
09C9 00000000                
09CD 00000001                
09D1 D8294FA2        485             db      0D8h, 29h, 4Fh,0A2h, 80h,0B5h, 90h, 00h, 00h, 00h, 00h, 00h, 00h, 00h, 00h,
                              01h
09D5 80B59000                
09D9 00000000                
09DD 00000001                
09E1 D8294FA2        486             db      0D8h, 29h, 4Fh,0A2h, 80h,0B5h, 90h, 00h, 00h, 00h, 00h, 00h, 00h, 00h, 00h,
                              01h
09E5 80B59000                
09E9 00000000                
09ED 00000001                
09F1 0510B04C        487             db       05h, 10h,0B0h, 4Ch, 0Bh, 08h, 40h, 00h, 00h, 00h, 00h, 00h, 00h, 00h, 00h,
                              01h
09F5 0B084000                
09F9 00000000                
09FD 00000001                
0A01 A0C90A00        488             db      0A0h,0C9h, 0Ah, 00h, 00h, 42h, 10h, 00h, 00h, 00h, 00h, 00h, 00h, 00h, 00h,
                              01h
0A05 00421000                
0A09 00000000                
0A0D 00000001                
0A11 04104021        489             db       04h, 10h, 40h, 21h, 64h, 09h,0A0h, 00h, 00h, 00h, 00h, 00h, 00h, 00h, 00h,
                              01h
0A15 6409A000                
0A19 00000000                
0A1D 00000001                
0A21 A2C1358C        490             db      0A2h,0C1h, 35h, 8Ch, 00h, 44h, 00h, 00h, 00h, 00h, 00h, 00h, 00h, 00h, 00h,
                              01h
0A25 00440000                
0A29 00000000                
0A2D 00000001                
0A31 A2C1358C        491             db      0A2h,0C1h, 35h, 8Ch, 00h, 44h, 00h, 00h, 00h, 00h, 00h, 00h, 00h, 00h, 00h,
                              01h
0A35 00440000                
0A39 00000000                
0A3D 00000001                
0A41 00160021        492             db       00h, 16h, 00h, 21h, 14h, 09h,0A0h, 00h, 00h, 00h, 00h, 00h, 00h, 00h, 00h,
                              01h
0A45 1409A000                
0A49 00000000                
0A4D 00000001                
0A51 A500B580        493             db      0A5h, 00h,0B5h, 80h, 83h, 44h, 0Ch, 00h, 00h, 00h, 00h, 00h, 00h, 00h, 00h,
                              01h
0A55 83440C00                
0A59 00000000                
0A5D 00000001                
0A61 00260012        494             db       00h, 26h, 00h, 12h, 08h, 09h,0A0h, 00h, 00h, 00h, 00h, 00h, 00h, 00h, 00h,
                              01h
0A65 0809A000                
0A69 00000000                
0A6D 00000001                
0A71 DA00B440        495             db      0DAh, 00h,0B4h, 40h, 60h, 44h, 00h, 00h, 00h, 00h, 00h, 00h, 00h, 00h, 00h,
                              01h
0A75 60440000                
0A79 00000000                
0A7D 00000001                
0A81 DA00B440        496             db      0DAh, 00h,0B4h, 40h, 60h, 44h, 00h, 00h, 00h, 00h, 00h, 00h, 00h, 00h, 00h,
                              01h
0A85 60440000                
0A89 00000000                
0A8D 00000001                
0A91 80C80000        497             db       80h,0C8h, 00h, 00h, 04h, 01h,0A0h, 00h, 00h, 00h, 00h, 00h, 00h, 00h, 00h,
A51 MACRO ASSEMBLER  12864ZK                                                              08/02/2009 18:45:31 PAGE    15

                              01h
0A95 0401A000                
0A99 00000000                
0A9D 00000001                
0AA1 A2208991        498             db      0A2h, 20h, 89h, 91h, 10h, 8Ah, 10h, 00h, 00h, 00h, 00h, 00h, 00h, 00h, 00h,
                              01h
0AA5 108A1000                
0AA9 00000000                
0AAD 00000001                
0AB1 44060000        499             db       44h, 06h, 00h, 00h, 00h, 30h, 40h, 00h, 00h, 00h, 00h, 00h, 00h, 00h, 00h,
                              01h
0AB5 00304000                
0AB9 00000000                
0ABD 00000001                
0AC1 44060000        500             db       44h, 06h, 00h, 00h, 00h, 30h, 40h, 00h, 00h, 00h, 00h, 00h, 00h, 00h, 00h,
                              01h
0AC5 00304000                
0AC9 00000000                
0ACD 00000001                
0AD1 00000000        501             db       00h, 00h, 00h, 00h, 00h, 00h, 00h, 00h, 00h, 00h, 00h, 00h, 00h, 00h, 00h,
                              01h
0AD5 00000000                
0AD9 00000000                
0ADD 00000001                
0AE1 80000000        502             db       80h, 00h, 00h, 00h, 00h, 00h, 00h, 00h, 00h, 00h, 00h, 00h, 00h, 00h, 00h,
                              01h
0AE5 00000000                
0AE9 00000000                
0AED 00000001                
0AF1 80000000        503             db       80h, 00h, 00h, 00h, 00h, 00h, 00h, 00h, 00h, 00h, 00h, 00h, 00h, 00h, 00h,
                              01h
0AF5 00000000                
0AF9 00000000                
0AFD 00000001                
0B01 80000000        504             db       80h, 00h, 00h, 00h, 00h, 00h, 00h, 00h, 00h, 00h, 00h, 00h, 00h, 00h, 00h,
                              01h
0B05 00000000                
0B09 00000000                
0B0D 00000001                
0B11 80000000        505             db       80h, 00h, 00h, 00h, 00h, 00h, 00h, 00h, 00h, 00h, 00h, 00h, 00h, 00h, 00h,
                              01h
0B15 00000000                
0B19 00000000                
0B1D 00000001                
0B21 FFFFFFFF        506             db      0FFh,0FFh,0FFh,0FFh,0FFh,0FFh,0FFh,0FFh,0FFh,0FFh,0FFh,0FFh,0FFh,0FFh,0FFh,
                             0FFh
0B25 FFFFFFFF                
0B29 FFFFFFFF                
0B2D FFFFFFFF                
                     507     ;*-------------------------------------------------------------------- *
                     508     
                     509     ;*-------------------------------------------------------------------- *
                     510     ;* Bitmap点阵数据表                                                    *
                     511     ;* 图片: E:\图形13.bmp,横向取模左高位,数据排列:从左到右从上到下        *
                     512     ;* 图片尺寸: 128 * 64                                                  *
                     513     ;*-------------------------------------------------------------------- *
0B31                 514     TU_TAB4:                                   ; 漂亮姑娘看过来
                     515     
                     516     
0B31 FFFFFFFF        517             db  0FFh,0FFh,0FFh,0FFh,0FFh,0FFh,0FFh,0FFh,0FFh,0FFh,0FFh,0FFh,0FFh,0FFh,0FFh,0FFh
0B35 FFFFFFFF                
0B39 FFFFFFFF                
0B3D FFFFFFFF                
0B41 80000000        518             db       80h, 00h, 00h, 00h, 00h, 00h, 00h, 00h, 00h, 00h, 00h, 00h, 00h, 00h, 00h,
                              01h
0B45 00000000                
A51 MACRO ASSEMBLER  12864ZK                                                              08/02/2009 18:45:31 PAGE    16

0B49 00000000                
0B4D 00000001                
0B51 80000000        519             db       80h, 00h, 00h, 00h, 00h, 00h, 00h, 00h, 00h, 00h, 00h, 00h, 00h, 00h, 00h,
                              01h
0B55 00000000                
0B59 00000000                
0B5D 00000001                
0B61 00000000        520             db       00h, 00h, 00h, 00h, 00h, 00h, 00h, 00h, 00h, 00h, 00h, 00h, 00h, 00h, 00h,
                              00h
0B65 00000000                
0B69 00000000                
0B6D 00000000                
0B71 00000000        521             db       00h, 00h, 00h, 00h, 00h, 00h, 00h, 00h, 00h, 00h, 00h, 00h, 00h, 00h, 00h,
                              00h
0B75 00000000                
0B79 00000000                
0B7D 00000000                
0B81 00000000        522             db       00h, 00h, 00h, 00h, 00h, 00h, 00h, 00h, 00h, 00h, 00h, 00h, 00h, 00h, 00h,
                              00h
0B85 00000000                
0B89 00000000                
0B8D 00000000                
0B91 00000000        523             db       00h, 00h, 00h, 00h, 00h, 00h, 00h, 11h,0FFh, 80h, 40h, 08h, 30h, 10h, 20h,
                              00h
0B95 00000011                
0B99 FF804008                
0B9D 30102000                
0BA1 00000000        524             db       00h, 00h, 00h, 00h, 00h, 00h, 00h, 0Ch, 68h, 3Fh,0FFh, 08h, 30h, 11h,0F8h,
                              00h
0BA5 0000000C                
0BA9 683FFF08                
0BAD 3011F800                
0BB1 00000000        525             db       00h, 00h, 00h, 00h, 00h, 00h, 00h, 0Ch, 68h, 3Fh,0FFh, 08h, 30h, 11h,0F8h,
                              00h
0BB5 0000000C                
0BB9 683FFF08                
0BBD 3011F800                
0BC1 00000000        526             db       00h, 00h, 00h, 00h, 00h, 00h, 00h, 01h,0FFh, 00h, 00h, 7Fh,0FEh, 7Dh, 08h,
                              00h
0BC5 00000001                
0BC9 FF00007F                
0BCD FE7D0800                
0BD1 00000000        527             db       00h, 00h, 00h, 00h, 00h, 00h, 00h, 11h, 6Bh, 07h,0FCh, 16h, 30h, 2Dh,0F8h,
                              00h
0BD5 00000011                
0BD9 6B07FC16                
0BDD 302DF800                
0BE1 00000000        528             db       00h, 00h, 00h, 00h, 00h, 00h, 00h, 0Dh,0FFh, 04h, 0Ch, 16h, 30h, 2Dh, 08h,
                              00h
0BE5 0000000D                
0BE9 FF040C16                
0BED 302D0800                
0BF1 00000000        529             db       00h, 00h, 00h, 00h, 00h, 00h, 00h, 0Ch, 00h, 3Fh,0FFh, 16h, 30h, 2Dh,0F8h,
                              00h
0BF5 0000000C                
0BF9 003FFF16                
0BFD 302DF800                
0C01 00000000        530             db       00h, 00h, 00h, 00h, 00h, 00h, 00h, 0Ch, 00h, 3Fh,0FFh, 16h, 30h, 2Dh,0F8h,
                              00h
0C05 0000000C                
0C09 003FFF16                
0C0D 302DF800                
0C11 00000000        531             db       00h, 00h, 00h, 00h, 00h, 00h, 00h, 0Ch,0FFh, 30h, 01h, 66h,0FEh, 2Dh, 26h,
                              00h
0C15 0000000C                
0C19 FF300166                
A51 MACRO ASSEMBLER  12864ZK                                                              08/02/2009 18:45:31 PAGE    17

0C1D FE2D2600                
0C21 00000000        532             db       00h, 00h, 00h, 00h, 00h, 00h, 00h, 1Ch, 00h, 03h,0F0h, 76h, 82h, 2Dh, 28h,
                              00h
0C25 0000001C                
0C29 0003F076                
0C2D 822D2800                
0C31 00000000        533             db       00h, 00h, 00h, 00h, 00h, 00h, 00h, 0Dh,0FFh, 82h, 11h, 08h, 82h, 11h, 10h,
                              00h
0C35 0000000D                
0C39 FF821108                
0C3D 82111000                
0C41 00000000        534             db       00h, 00h, 00h, 00h, 00h, 00h, 00h, 0Ch, 8Bh, 04h, 11h, 16h, 82h, 2Dh, 28h,
                              00h
0C45 0000000C                
0C49 8B041116                
0C4D 822D2800                
0C51 00000000        535             db       00h, 00h, 00h, 00h, 00h, 00h, 00h, 0Ch, 8Bh, 04h, 11h, 16h, 82h, 2Dh, 28h,
                              00h
0C55 0000000C                
0C59 8B041116                
0C5D 822D2800                
0C61 00000000        536             db       00h, 00h, 00h, 00h, 00h, 00h, 00h, 0Dh, 18h,0B8h, 1Fh, 60h,0FEh, 41h,0C6h,
                              00h
0C65 0000000D                
0C69 18B81F60                
0C6D FE41C600                
0C71 00000000        537             db       00h, 00h, 00h, 00h, 00h, 00h, 00h, 00h, 00h, 00h, 00h, 00h, 00h, 00h, 00h,
                              00h
0C75 00000000                
0C79 00000000                
0C7D 00000000                
0C81 00078FFF        538             db       00h, 07h, 8Fh,0FFh, 00h, 00h, 00h, 00h, 00h, 00h, 00h, 00h, 00h, 00h, 00h,
                              00h
0C85 00000000                
0C89 00000000                
0C8D 00000000                
0C91 00087040        539             db       00h, 08h, 70h, 40h,0EFh, 80h, 00h, 00h, 00h, 00h, 00h, 00h, 00h, 00h, 00h,
                              00h
0C95 EF800000                
0C99 00000000                
0C9D 00000000                
0CA1 00087040        540             db       00h, 08h, 70h, 40h,0EFh, 80h, 00h, 00h, 00h, 00h, 00h, 00h, 00h, 00h, 00h,
                              00h
0CA5 EF800000                
0CA9 00000000                
0CAD 00000000                
0CB1 00100080        541             db       00h, 10h, 00h, 80h, 10h, 60h, 00h, 0Fh,0FFh, 30h, 0Ch, 00h, 80h, 00h, 00h,
                              00h
0CB5 1060000F                
0CB9 FF300C00                
0CBD 80000000                
0CC1 00201838        542             db       00h, 20h, 18h, 38h, 20h, 60h, 00h, 00h, 60h, 08h, 0Ch, 1Fh,0FCh, 1Ch, 00h,
                              00h
0CC5 20600000                
0CC9 60080C1F                
0CCD FC1C0000                
0CD1 00C06445        543             db       00h,0C0h, 64h, 45h, 00h, 60h, 00h, 03h,0FCh, 0Bh,0FFh, 00h, 80h, 3Eh, 00h,
                              00h
0CD5 00600003                
0CD9 FC0BFF00                
0CDD 803E0000                
0CE1 00C10001        544             db       00h,0C1h, 00h, 01h, 00h, 10h, 00h, 00h, 80h, 00h, 0Ch, 08h, 88h, 3Eh, 00h,
                              00h
0CE5 00100000                
0CE9 80000C08                
0CED 883E0000                
A51 MACRO ASSEMBLER  12864ZK                                                              08/02/2009 18:45:31 PAGE    18

0CF1 00C10001        545             db       00h,0C1h, 00h, 01h, 00h, 10h, 00h, 00h, 80h, 00h, 0Ch, 08h, 88h, 3Eh, 00h,
                              00h
0CF5 00100000                
0CF9 80000C08                
0CFD 883E0000                
0D01 01010000        546             db       01h, 01h, 00h, 00h,0C0h, 10h, 00h, 1Fh,0FFh,0BDh, 8Ch, 06h,0B0h, 3Eh, 00h,
                              00h
0D05 C010001F                
0D09 FFBD8C06                
0D0D B03E0000                
0D11 020E181C        547             db       02h, 0Eh, 18h, 1Ch,0C0h, 10h, 00h, 01h, 00h, 04h, 4Ch, 7Fh,0FEh, 1Ch, 00h,
                              00h
0D15 C0100001                
0D19 00044C7F                
0D1D FE1C0000                
0D21 02166422        548             db       02h, 16h, 64h, 22h, 20h, 10h, 00h, 03h,0FCh, 04h, 4Ch, 01h,0C0h, 1Ch, 00h,
                              00h
0D25 20100003                
0D29 FC044C01                
0D2D C01C0000                
0D31 02166422        549             db       02h, 16h, 64h, 22h, 20h, 10h, 00h, 03h,0FCh, 04h, 4Ch, 01h,0C0h, 1Ch, 00h,
                              00h
0D35 20100003                
0D39 FC044C01                
0D3D C01C0000                
0D41 04E88341        550             db       04h,0E8h, 83h, 41h, 1Ch, 08h, 00h, 0Dh, 04h, 04h, 0Ch, 06h,0B0h, 00h, 00h,
                              00h
0D45 1C08000D                
0D49 04040C06                
0D4D B0000000                
0D51 07108F47        551             db       07h, 10h, 8Fh, 47h, 03h, 88h, 00h, 11h,0FCh, 04h, 3Ch, 08h, 88h, 1Ch, 00h,
                              00h
0D55 03880011                
0D59 FC043C08                
0D5D 881C0000                
0D61 00206C26        552             db       00h, 20h, 6Ch, 26h, 01h, 78h, 00h, 01h, 04h, 0Ah, 00h, 70h, 86h, 1Ch, 00h,
                              00h
0D65 01780001                
0D69 040A0070                
0D6D 861C0000                
0D71 00C0181C        553             db       00h,0C0h, 18h, 1Ch, 00h, 80h, 00h, 01h,0FCh, 31h,0FFh, 00h, 80h, 00h, 00h,
                              00h
0D75 00800001                
0D79 FC31FF00                
0D7D 80000000                
0D81 00C0181C        554             db       00h,0C0h, 18h, 1Ch, 00h, 80h, 00h, 01h,0FCh, 31h,0FFh, 00h, 80h, 00h, 00h,
                              00h
0D85 00800001                
0D89 FC31FF00                
0D8D 80000000                
0D91 00C18780        555             db       00h,0C1h, 87h, 80h, 00h, 80h, 00h, 00h, 00h, 00h, 00h, 00h, 00h, 00h, 00h,
                              00h
0D95 00800000                
0D99 00000000                
0D9D 00000000                
0DA1 0106783C        556             db       01h, 06h, 78h, 3Ch, 20h, 60h, 00h, 00h, 00h, 00h, 00h, 00h, 00h, 00h, 00h,
                              00h
0DA5 20600000                
0DA9 00000000                
0DAD 00000000                
0DB1 010807C2        557             db       01h, 08h, 07h,0C2h,0C0h, 60h, 00h, 00h, 00h, 00h, 00h, 00h, 00h, 00h, 00h,
                              00h
0DB5 C0600000                
0DB9 00000000                
0DBD 00000000                
0DC1 01080001        558             db       01h, 08h, 00h, 01h,0C0h, 60h, 00h, 00h, 00h, 00h, 00h, 00h, 00h, 00h, 00h,
A51 MACRO ASSEMBLER  12864ZK                                                              08/02/2009 18:45:31 PAGE    19

                              00h
0DC5 C0600000                
0DC9 00000000                
0DCD 00000000                
0DD1 01080001        559             db       01h, 08h, 00h, 01h,0C0h, 60h, 00h, 00h, 00h, 00h, 00h, 00h, 00h, 00h, 00h,
                              00h
0DD5 C0600000                
0DD9 00000000                
0DDD 00000000                
0DE1 01081801        560             db       01h, 08h, 18h, 01h,0C0h, 60h, 00h, 00h, 00h,0F1h,0F3h, 87h,0C0h, 00h, 00h,
                              00h
0DE5 C0600000                
0DE9 00F1F387                
0DED C0000000                
0DF1 00C618C2        561             db       00h,0C6h, 18h,0C2h, 20h, 80h, 00h, 00h, 03h, 0Eh, 1Ch, 78h, 70h, 00h, 00h,
                              00h
0DF5 20800000                
0DF9 030E1C78                
0DFD 70000000                
0E01 00C100C2        562             db       00h,0C1h, 00h,0C2h, 00h, 80h, 00h, 00h, 04h, 44h, 11h, 10h, 38h, 00h, 00h,
                              00h
0E05 00800000                
0E09 04441110                
0E0D 38000000                
0E11 0026E004        563             db       00h, 26h,0E0h, 04h, 01h, 00h, 00h, 00h, 04h, 80h, 12h, 00h, 38h, 00h, 00h,
                              00h
0E15 01000000                
0E19 04801200                
0E1D 38000000                
0E21 0026E004        564             db       00h, 26h,0E0h, 04h, 01h, 00h, 00h, 00h, 04h, 80h, 12h, 00h, 38h, 00h, 00h,
                              00h
0E25 01000000                
0E29 04801200                
0E2D 38000000                
0E31 00111838        565             db       00h, 11h, 18h, 38h, 03h, 00h, 00h, 00h, 04h, 80h, 12h, 00h, 38h, 00h, 00h,
                              00h
0E35 03000000                
0E39 04801200                
0E3D 38000000                
0E41 000E87C2        566             db       00h, 0Eh, 87h,0C2h, 1Ch, 00h, 00h, 00h, 04h, 00h, 10h, 00h, 38h, 00h, 00h,
                              00h
0E45 1C000000                
0E49 04001000                
0E4D 38000000                
0E51 0001E004        567             db       00h, 01h,0E0h, 04h,0E0h, 00h, 00h, 00h, 03h, 00h, 1Ch, 00h, 70h, 00h, 00h,
                              00h
0E55 E0000000                
0E59 03001C00                
0E5D 70000000                
0E61 001E183F        568             db       00h, 1Eh, 18h, 3Fh, 1Eh, 00h, 00h, 00h, 00h, 80h, 32h, 00h,0C0h, 00h, 00h,
                              00h
0E65 1E000000                
0E69 00803200                
0E6D C0000000                
0E71 001E183F        569             db       00h, 1Eh, 18h, 3Fh, 1Eh, 00h, 00h, 00h, 00h, 80h, 32h, 00h,0C0h, 00h, 00h,
                              00h
0E75 1E000000                
0E79 00803200                
0E7D C0000000                
0E81 003807C0        570             db       00h, 38h, 07h,0C0h, 0Fh, 00h, 00h, 00h, 00h, 40h, 61h, 01h, 80h, 00h, 00h,
                              00h
0E85 0F000000                
0E89 00406101                
0E8D 80000000                
0E91 00E9FFFF        571             db       00h,0E9h,0FFh,0FFh, 0Dh, 80h, 00h, 00h, 00h, 31h,0C0h, 87h, 00h, 00h, 00h,
                              00h
A51 MACRO ASSEMBLER  12864ZK                                                              08/02/2009 18:45:31 PAGE    20

0E95 0D800000                
0E99 0031C087                
0E9D 00000000                
0EA1 01E91BB9        572             db       01h,0E9h, 1Bh,0B9h, 0Dh,0E0h, 00h, 00h, 00h, 0Bh, 80h, 6Eh, 00h, 00h, 00h,
                              00h
0EA5 0DE00000                
0EA9 000B806E                
0EAD 00000000                
0EB1 03C9F01F        573             db       03h,0C9h,0F0h, 1Fh, 0Ch,0F0h, 00h, 00h, 00h, 06h, 00h, 18h, 00h, 00h, 00h,
                              00h
0EB5 0CF00000                
0EB9 00060018                
0EBD 00000000                
0EC1 03C9F01F        574             db       03h,0C9h,0F0h, 1Fh, 0Ch,0F0h, 00h, 00h, 00h, 06h, 00h, 18h, 00h, 00h, 00h,
                              00h
0EC5 0CF00000                
0EC9 00060018                
0ECD 00000000                
0ED1 0706E006        575             db       07h, 06h,0E0h, 06h, 10h, 78h, 00h, 00h, 00h, 00h, 00h, 00h, 00h, 00h, 00h,
                              00h
0ED5 10780000                
0ED9 00000000                
0EDD 00000000                
0EE1 07C10000        576             db       07h,0C1h, 00h, 00h, 20h,0F8h, 00h, 00h, 00h, 00h, 00h, 00h, 00h, 00h, 00h,
                              00h
0EE5 20F80000                
0EE9 00000000                
0EED 00000000                
0EF1 07E08000        577             db       07h,0E0h, 80h, 00h,0C1h,0F8h, 00h, 00h, 00h, 00h, 00h, 00h, 00h, 00h, 00h,
                              00h
0EF5 C1F80000                
0EF9 00000000                
0EFD 00000000                
0F01 07E08000        578             db       07h,0E0h, 80h, 00h,0C1h,0F8h, 00h, 00h, 00h, 00h, 00h, 00h, 00h, 00h, 00h,
                              00h
0F05 C1F80000                
0F09 00000000                
0F0D 00000000                
0F11 80000000        579             db       80h, 00h, 00h, 00h, 00h, 00h, 00h, 00h, 00h, 00h, 00h, 00h, 00h, 00h, 00h,
                              01h
0F15 00000000                
0F19 00000000                
0F1D 00000001                
0F21 FFFFFFFF        580             db      0FFh,0FFh,0FFh,0FFh,0FFh,0FFh,0FFh,0FFh,0FFh,0FFh,0FFh,0FFh,0FFh,0FFh,0FFh,
                             0FFh
0F25 FFFFFFFF                
0F29 FFFFFFFF                
0F2D FFFFFFFF                
                     581     
                     582     
                     583     end
A51 MACRO ASSEMBLER  12864ZK                                                              08/02/2009 18:45:31 PAGE    21

SYMBOL TABLE LISTING
------ ----- -------


N A M E             T Y P E  V A L U E   ATTRIBUTES

CHK_BUSY . . . . .  C ADDR   02ADH   A   
CLEAR_P. . . . . .  C ADDR   025FH   A   
CLRRAM . . . . . .  C ADDR   01D8H   A   
COUNT. . . . . . .  N NUMB   0032H   A   
COUNT1 . . . . . .  N NUMB   0033H   A   
COUNT2 . . . . . .  N NUMB   0034H   A   
COUNT3 . . . . . .  N NUMB   0035H   A   
DEL11. . . . . . .  C ADDR   02D4H   A   
DEL12. . . . . . .  C ADDR   02D6H   A   
DEL21. . . . . . .  C ADDR   02CBH   A   
DEL22. . . . . . .  C ADDR   02CDH   A   
DEL31. . . . . . .  C ADDR   02BEH   A   
DEL32. . . . . . .  C ADDR   02C0H   A   
DEL33. . . . . . .  C ADDR   02C2H   A   
DEL41. . . . . . .  C ADDR   02DDH   A   
DEL42. . . . . . .  C ADDR   02DFH   A   
DEL51. . . . . . .  C ADDR   02E6H   A   
DEL52. . . . . . .  C ADDR   02E8H   A   
DEL53. . . . . . .  C ADDR   02EAH   A   
DELAY1 . . . . . .  C ADDR   02D2H   A   
DELAY2 . . . . . .  C ADDR   02C9H   A   
DELAY3 . . . . . .  C ADDR   02BCH   A   
DELAY4 . . . . . .  C ADDR   02DBH   A   
DELAY5 . . . . . .  C ADDR   02E4H   A   
E. . . . . . . . .  B ADDR   00A0H.7 A   
F0 . . . . . . . .  B ADDR   00D0H.5 A   
FLASH. . . . . . .  C ADDR   0236H   A   
HAN_WR2. . . . . .  C ADDR   012FH   A   
HAN_WR2A . . . . .  C ADDR   0132H   A   
HAN_WR2B . . . . .  C ADDR   0140H   A   
HAN_WR2C . . . . .  C ADDR   014EH   A   
HAN_WR2D . . . . .  C ADDR   015CH   A   
KU_PLAY2 . . . . .  C ADDR   01A4H   A   
LATPLAY1 . . . . .  C ADDR   0190H   A   
LAT_DISP . . . . .  C ADDR   01E2H   A   
LAT_DISP1. . . . .  C ADDR   01E8H   A   
LAT_DISP2. . . . .  C ADDR   01F0H   A   
LAT_DISP3. . . . .  C ADDR   01F6H   A   
LAT_DISP31 . . . .  C ADDR   0201H   A   
LAT_DISP32 . . . .  C ADDR   01FEH   A   
LCD_DATA . . . . .  N NUMB   0036H   A   
LCD_DATA1. . . . .  N NUMB   0037H   A   
LCD_DATA2. . . . .  N NUMB   0038H   A   
LCD_X. . . . . . .  N NUMB   0030H   A   
LCD_Y. . . . . . .  N NUMB   0031H   A   
LGS0 . . . . . . .  C ADDR   010DH   A   
MAIN . . . . . . .  C ADDR   0100H   A   
P0 . . . . . . . .  D ADDR   0080H   A   
P2 . . . . . . . .  D ADDR   00A0H   A   
P3 . . . . . . . .  D ADDR   00B0H   A   
PHO_DISP . . . . .  C ADDR   01A7H   A   
PHO_DISP1. . . . .  C ADDR   01ADH   A   
PHO_DISP2. . . . .  C ADDR   01B3H   A   
PHO_DISP3. . . . .  C ADDR   01B9H   A   
PSB. . . . . . . .  B ADDR   00B0H.2 A   
QUSHU. . . . . . .  C ADDR   026FH   A   
READ_D . . . . . .  C ADDR   029CH   A   
RS . . . . . . . .  B ADDR   00A0H.6 A   
RST. . . . . . . .  B ADDR   00B0H.7 A   
RW . . . . . . . .  B ADDR   00A0H.5 A   
A51 MACRO ASSEMBLER  12864ZK                                                              08/02/2009 18:45:31 PAGE    22

SEND_D . . . . . .  C ADDR   027CH   A   
SEND_I . . . . . .  C ADDR   028CH   A   
SP . . . . . . . .  D ADDR   0081H   A   
STORE. . . . . . .  N NUMB   0039H   A   
TAB1 . . . . . . .  C ADDR   02F1H   A   
TAB1A. . . . . . .  C ADDR   02F1H   A   
TAB1B. . . . . . .  C ADDR   0311H   A   
TAB1C. . . . . . .  C ADDR   0301H   A   
TAB1D. . . . . . .  C ADDR   0321H   A   
TU_PLAY1 . . . . .  C ADDR   0126H   A   
TU_PLAY2 . . . . .  C ADDR   017EH   A   
TU_PLAY3 . . . . .  C ADDR   0187H   A   
TU_TAB1. . . . . .  C ADDR   0331H   A   
TU_TAB2. . . . . .  C ADDR   0731H   A   
TU_TAB4. . . . . .  C ADDR   0B31H   A   
WR_ZB. . . . . . .  C ADDR   0221H   A   


REGISTER BANK(S) USED: 0 


ASSEMBLY COMPLETE.  0 WARNING(S), 0 ERROR(S)
